MPLINK 4.48, Linker
Linker Map File - Created Mon May 04 11:17:05 2015

                                 Section Info
                  Section       Type    Address   Location Size(Bytes)
                ---------  ---------  ---------  ---------  ---------
                   .org_0       code   0x000000    program   0x000004
                   .org_1       code   0x000008    program   0x000004
                   .org_2       code   0x000018    program   0x000004
             RESET_VECTOR       code   0x002000    program   0x000006
            HI_INT_VECTOR       code   0x002008    program   0x000004
           LOW_INT_VECTOR       code   0x002018    program   0x000004
                   .cinit    romdata   0x00202a    program   0x000002
                    .code       code   0x00202c    program   0x0000c6
               .udata_acs      udata   0x000000       data   0x000001
                   .stack      udata   0x000200       data   0x000100
                   .udata      udata   0x000300       data   0x00000d



                              Program Memory Usage 
                               Start         End      
                           ---------   ---------      
                            0x000000    0x000003      
                            0x000008    0x00000b      
                            0x000018    0x00001b      
                            0x002000    0x002005      
                            0x002008    0x00200b      
                            0x002018    0x00201b      
                            0x00202a    0x0020f1      
            226 out of 33048 program addresses used, program memory utilization is 0%



                              Symbols - Sorted by Name
                     Name    Address   Location    Storage File                     
                ---------  ---------  ---------  --------- ---------                
                    Delay   0x00209e    program     static H:\1-EOICT\Microcontrollers\Lab 10\subroutine.asm
                   Delay1   0x00208c    program     static H:\1-EOICT\Microcontrollers\Lab 10\subroutine.asm
                   Delay2   0x002090    program     static H:\1-EOICT\Microcontrollers\Lab 10\subroutine.asm
               DelayExtra   0x0020a2    program     static H:\1-EOICT\Microcontrollers\Lab 10\subroutine.asm
               DelayInner   0x0020aa    program     static H:\1-EOICT\Microcontrollers\Lab 10\subroutine.asm
                 DelayLCD   0x002088    program     static H:\1-EOICT\Microcontrollers\Lab 10\subroutine.asm
               DelayOuter   0x0020a6    program     static H:\1-EOICT\Microcontrollers\Lab 10\subroutine.asm
                    Epuls   0x00207a    program     static H:\1-EOICT\Microcontrollers\Lab 10\subroutine.asm
                  HighInt   0x00202c    program     static H:\1-EOICT\Microcontrollers\Lab 10\templateDwengo.asm
             HighIntEinde   0x00203e    program     static H:\1-EOICT\Microcontrollers\Lab 10\templateDwengo.asm
                   LowInt   0x002040    program     static H:\1-EOICT\Microcontrollers\Lab 10\templateDwengo.asm
                     Main   0x00205a    program     static H:\1-EOICT\Microcontrollers\Lab 10\templateDwengo.asm
                TimerUitv   0x002032    program     static H:\1-EOICT\Microcontrollers\Lab 10\templateDwengo.asm
                  deling1   0x0020c4    program     static H:\1-EOICT\Microcontrollers\Lab 10\subroutine.asm
                  deling2   0x0020da    program     static H:\1-EOICT\Microcontrollers\Lab 10\subroutine.asm
                      lus   0x002078    program     static H:\1-EOICT\Microcontrollers\Lab 10\templateDwengo.asm
               lusdeling1   0x0020c6    program     static H:\1-EOICT\Microcontrollers\Lab 10\subroutine.asm
               lusdeling2   0x0020dc    program     static H:\1-EOICT\Microcontrollers\Lab 10\subroutine.asm
        omzettingDecimaal   0x0020be    program     static H:\1-EOICT\Microcontrollers\Lab 10\subroutine.asm
                 BSR_TEMP   0x000302       data     static H:\1-EOICT\Microcontrollers\Lab 10\templateDwengo.asm
                    DVAR1   0x000303       data     static H:\1-EOICT\Microcontrollers\Lab 10\templateDwengo.asm
                    DVAR2   0x000304       data     static H:\1-EOICT\Microcontrollers\Lab 10\templateDwengo.asm
                    DVAR3   0x000305       data     static H:\1-EOICT\Microcontrollers\Lab 10\templateDwengo.asm
                  EXAMPLE   0x000000       data     static H:\1-EOICT\Microcontrollers\Lab 10\templateDwengo.asm
              STATUS_TEMP   0x000301       data     static H:\1-EOICT\Microcontrollers\Lab 10\templateDwengo.asm
                WREG_TEMP   0x000300       data     static H:\1-EOICT\Microcontrollers\Lab 10\templateDwengo.asm
                  deeltal   0x000309       data     static H:\1-EOICT\Microcontrollers\Lab 10\templateDwengo.asm
                  eenheid   0x000308       data     static H:\1-EOICT\Microcontrollers\Lab 10\templateDwengo.asm
               honderdtal   0x000306       data     static H:\1-EOICT\Microcontrollers\Lab 10\templateDwengo.asm
                 quotient   0x00030a       data     static H:\1-EOICT\Microcontrollers\Lab 10\templateDwengo.asm
                   teller   0x00030c       data     static H:\1-EOICT\Microcontrollers\Lab 10\templateDwengo.asm
                  tiental   0x000307       data     static H:\1-EOICT\Microcontrollers\Lab 10\templateDwengo.asm
                voorbeeld   0x00030b       data     static H:\1-EOICT\Microcontrollers\Lab 10\templateDwengo.asm



                              Symbols - Sorted by Address
                     Name    Address   Location    Storage File                     
                ---------  ---------  ---------  --------- ---------                
                  HighInt   0x00202c    program     static H:\1-EOICT\Microcontrollers\Lab 10\templateDwengo.asm
                TimerUitv   0x002032    program     static H:\1-EOICT\Microcontrollers\Lab 10\templateDwengo.asm
             HighIntEinde   0x00203e    program     static H:\1-EOICT\Microcontrollers\Lab 10\templateDwengo.asm
                   LowInt   0x002040    program     static H:\1-EOICT\Microcontrollers\Lab 10\templateDwengo.asm
                     Main   0x00205a    program     static H:\1-EOICT\Microcontrollers\Lab 10\templateDwengo.asm
                      lus   0x002078    program     static H:\1-EOICT\Microcontrollers\Lab 10\templateDwengo.asm
                    Epuls   0x00207a    program     static H:\1-EOICT\Microcontrollers\Lab 10\subroutine.asm
                 DelayLCD   0x002088    program     static H:\1-EOICT\Microcontrollers\Lab 10\subroutine.asm
                   Delay1   0x00208c    program     static H:\1-EOICT\Microcontrollers\Lab 10\subroutine.asm
                   Delay2   0x002090    program     static H:\1-EOICT\Microcontrollers\Lab 10\subroutine.asm
                    Delay   0x00209e    program     static H:\1-EOICT\Microcontrollers\Lab 10\subroutine.asm
               DelayExtra   0x0020a2    program     static H:\1-EOICT\Microcontrollers\Lab 10\subroutine.asm
               DelayOuter   0x0020a6    program     static H:\1-EOICT\Microcontrollers\Lab 10\subroutine.asm
               DelayInner   0x0020aa    program     static H:\1-EOICT\Microcontrollers\Lab 10\subroutine.asm
        omzettingDecimaal   0x0020be    program     static H:\1-EOICT\Microcontrollers\Lab 10\subroutine.asm
                  deling1   0x0020c4    program     static H:\1-EOICT\Microcontrollers\Lab 10\subroutine.asm
               lusdeling1   0x0020c6    program     static H:\1-EOICT\Microcontrollers\Lab 10\subroutine.asm
                  deling2   0x0020da    program     static H:\1-EOICT\Microcontrollers\Lab 10\subroutine.asm
               lusdeling2   0x0020dc    program     static H:\1-EOICT\Microcontrollers\Lab 10\subroutine.asm
                  EXAMPLE   0x000000       data     static H:\1-EOICT\Microcontrollers\Lab 10\templateDwengo.asm
                WREG_TEMP   0x000300       data     static H:\1-EOICT\Microcontrollers\Lab 10\templateDwengo.asm
              STATUS_TEMP   0x000301       data     static H:\1-EOICT\Microcontrollers\Lab 10\templateDwengo.asm
                 BSR_TEMP   0x000302       data     static H:\1-EOICT\Microcontrollers\Lab 10\templateDwengo.asm
                    DVAR1   0x000303       data     static H:\1-EOICT\Microcontrollers\Lab 10\templateDwengo.asm
                    DVAR2   0x000304       data     static H:\1-EOICT\Microcontrollers\Lab 10\templateDwengo.asm
                    DVAR3   0x000305       data     static H:\1-EOICT\Microcontrollers\Lab 10\templateDwengo.asm
               honderdtal   0x000306       data     static H:\1-EOICT\Microcontrollers\Lab 10\templateDwengo.asm
                  tiental   0x000307       data     static H:\1-EOICT\Microcontrollers\Lab 10\templateDwengo.asm
                  eenheid   0x000308       data     static H:\1-EOICT\Microcontrollers\Lab 10\templateDwengo.asm
                  deeltal   0x000309       data     static H:\1-EOICT\Microcontrollers\Lab 10\templateDwengo.asm
                 quotient   0x00030a       data     static H:\1-EOICT\Microcontrollers\Lab 10\templateDwengo.asm
                voorbeeld   0x00030b       data     static H:\1-EOICT\Microcontrollers\Lab 10\templateDwengo.asm
                   teller   0x00030c       data     static H:\1-EOICT\Microcontrollers\Lab 10\templateDwengo.asm


