MPLINK 4.48, Linker
Linker Map File - Created Mon Mar 30 11:10:32 2015

                                 Section Info
                  Section       Type    Address   Location Size(Bytes)
                ---------  ---------  ---------  ---------  ---------
                   .org_0       code   0x000000    program   0x000004
                   .org_1       code   0x000008    program   0x000004
                   .org_2       code   0x000018    program   0x000004
             RESET_VECTOR       code   0x002000    program   0x000006
            HI_INT_VECTOR       code   0x002008    program   0x000004
           LOW_INT_VECTOR       code   0x002018    program   0x000004
                   .cinit    romdata   0x00202a    program   0x000002
                    .code       code   0x00202c    program   0x000106
               .udata_acs      udata   0x000000       data   0x000001
                   .stack      udata   0x000200       data   0x000100
                   .udata      udata   0x000300       data   0x00000d



                              Program Memory Usage 
                               Start         End      
                           ---------   ---------      
                            0x000000    0x000003      
                            0x000008    0x00000b      
                            0x000018    0x00001b      
                            0x002000    0x002005      
                            0x002008    0x00200b      
                            0x002018    0x00201b      
                            0x00202a    0x002131      
            290 out of 33048 program addresses used, program memory utilization is 0%



                              Symbols - Sorted by Name
                     Name    Address   Location    Storage File                     
                ---------  ---------  ---------  --------- ---------                
                    Delay   0x0020de    program     static E:\Storage\1-EOICT\Microcontrollers\Lab 07\subroutine.asm
                   Delay1   0x0020cc    program     static E:\Storage\1-EOICT\Microcontrollers\Lab 07\subroutine.asm
                   Delay2   0x0020d0    program     static E:\Storage\1-EOICT\Microcontrollers\Lab 07\subroutine.asm
               DelayExtra   0x0020e2    program     static E:\Storage\1-EOICT\Microcontrollers\Lab 07\subroutine.asm
               DelayInner   0x0020ea    program     static E:\Storage\1-EOICT\Microcontrollers\Lab 07\subroutine.asm
                 DelayLCD   0x0020c8    program     static E:\Storage\1-EOICT\Microcontrollers\Lab 07\subroutine.asm
                DelayLang   0x00205a    program     static E:\Storage\1-EOICT\Microcontrollers\Lab 07\templateDwengo.asm
               DelayOuter   0x0020e6    program     static E:\Storage\1-EOICT\Microcontrollers\Lab 07\subroutine.asm
                    Epuls   0x0020ba    program     static E:\Storage\1-EOICT\Microcontrollers\Lab 07\subroutine.asm
                  HighInt   0x00202c    program     static E:\Storage\1-EOICT\Microcontrollers\Lab 07\templateDwengo.asm
                   LowInt   0x00202e    program     static E:\Storage\1-EOICT\Microcontrollers\Lab 07\templateDwengo.asm
                     Main   0x002048    program     static E:\Storage\1-EOICT\Microcontrollers\Lab 07\templateDwengo.asm
                  deling1   0x002104    program     static E:\Storage\1-EOICT\Microcontrollers\Lab 07\subroutine.asm
                  deling2   0x00211a    program     static E:\Storage\1-EOICT\Microcontrollers\Lab 07\subroutine.asm
                      lus   0x0020a0    program     static E:\Storage\1-EOICT\Microcontrollers\Lab 07\templateDwengo.asm
                     lus2   0x0020b8    program     static E:\Storage\1-EOICT\Microcontrollers\Lab 07\templateDwengo.asm
               lusdeling1   0x002106    program     static E:\Storage\1-EOICT\Microcontrollers\Lab 07\subroutine.asm
               lusdeling2   0x00211c    program     static E:\Storage\1-EOICT\Microcontrollers\Lab 07\subroutine.asm
        omzettingDecimaal   0x0020fe    program     static E:\Storage\1-EOICT\Microcontrollers\Lab 07\subroutine.asm
                 BSR_TEMP   0x000302       data     static E:\Storage\1-EOICT\Microcontrollers\Lab 07\templateDwengo.asm
                    DVAR1   0x000303       data     static E:\Storage\1-EOICT\Microcontrollers\Lab 07\templateDwengo.asm
                    DVAR2   0x000304       data     static E:\Storage\1-EOICT\Microcontrollers\Lab 07\templateDwengo.asm
                    DVAR3   0x000305       data     static E:\Storage\1-EOICT\Microcontrollers\Lab 07\templateDwengo.asm
                  EXAMPLE   0x000000       data     static E:\Storage\1-EOICT\Microcontrollers\Lab 07\templateDwengo.asm
              STATUS_TEMP   0x000301       data     static E:\Storage\1-EOICT\Microcontrollers\Lab 07\templateDwengo.asm
                WREG_TEMP   0x000300       data     static E:\Storage\1-EOICT\Microcontrollers\Lab 07\templateDwengo.asm
                  deeltal   0x000309       data     static E:\Storage\1-EOICT\Microcontrollers\Lab 07\templateDwengo.asm
                  eenheid   0x000308       data     static E:\Storage\1-EOICT\Microcontrollers\Lab 07\templateDwengo.asm
               honderdtal   0x000306       data     static E:\Storage\1-EOICT\Microcontrollers\Lab 07\templateDwengo.asm
                 quotient   0x00030a       data     static E:\Storage\1-EOICT\Microcontrollers\Lab 07\templateDwengo.asm
                   teller   0x00030c       data     static E:\Storage\1-EOICT\Microcontrollers\Lab 07\templateDwengo.asm
                  tiental   0x000307       data     static E:\Storage\1-EOICT\Microcontrollers\Lab 07\templateDwengo.asm
                voorbeeld   0x00030b       data     static E:\Storage\1-EOICT\Microcontrollers\Lab 07\templateDwengo.asm



                              Symbols - Sorted by Address
                     Name    Address   Location    Storage File                     
                ---------  ---------  ---------  --------- ---------                
                  HighInt   0x00202c    program     static E:\Storage\1-EOICT\Microcontrollers\Lab 07\templateDwengo.asm
                   LowInt   0x00202e    program     static E:\Storage\1-EOICT\Microcontrollers\Lab 07\templateDwengo.asm
                     Main   0x002048    program     static E:\Storage\1-EOICT\Microcontrollers\Lab 07\templateDwengo.asm
                DelayLang   0x00205a    program     static E:\Storage\1-EOICT\Microcontrollers\Lab 07\templateDwengo.asm
                      lus   0x0020a0    program     static E:\Storage\1-EOICT\Microcontrollers\Lab 07\templateDwengo.asm
                     lus2   0x0020b8    program     static E:\Storage\1-EOICT\Microcontrollers\Lab 07\templateDwengo.asm
                    Epuls   0x0020ba    program     static E:\Storage\1-EOICT\Microcontrollers\Lab 07\subroutine.asm
                 DelayLCD   0x0020c8    program     static E:\Storage\1-EOICT\Microcontrollers\Lab 07\subroutine.asm
                   Delay1   0x0020cc    program     static E:\Storage\1-EOICT\Microcontrollers\Lab 07\subroutine.asm
                   Delay2   0x0020d0    program     static E:\Storage\1-EOICT\Microcontrollers\Lab 07\subroutine.asm
                    Delay   0x0020de    program     static E:\Storage\1-EOICT\Microcontrollers\Lab 07\subroutine.asm
               DelayExtra   0x0020e2    program     static E:\Storage\1-EOICT\Microcontrollers\Lab 07\subroutine.asm
               DelayOuter   0x0020e6    program     static E:\Storage\1-EOICT\Microcontrollers\Lab 07\subroutine.asm
               DelayInner   0x0020ea    program     static E:\Storage\1-EOICT\Microcontrollers\Lab 07\subroutine.asm
        omzettingDecimaal   0x0020fe    program     static E:\Storage\1-EOICT\Microcontrollers\Lab 07\subroutine.asm
                  deling1   0x002104    program     static E:\Storage\1-EOICT\Microcontrollers\Lab 07\subroutine.asm
               lusdeling1   0x002106    program     static E:\Storage\1-EOICT\Microcontrollers\Lab 07\subroutine.asm
                  deling2   0x00211a    program     static E:\Storage\1-EOICT\Microcontrollers\Lab 07\subroutine.asm
               lusdeling2   0x00211c    program     static E:\Storage\1-EOICT\Microcontrollers\Lab 07\subroutine.asm
                  EXAMPLE   0x000000       data     static E:\Storage\1-EOICT\Microcontrollers\Lab 07\templateDwengo.asm
                WREG_TEMP   0x000300       data     static E:\Storage\1-EOICT\Microcontrollers\Lab 07\templateDwengo.asm
              STATUS_TEMP   0x000301       data     static E:\Storage\1-EOICT\Microcontrollers\Lab 07\templateDwengo.asm
                 BSR_TEMP   0x000302       data     static E:\Storage\1-EOICT\Microcontrollers\Lab 07\templateDwengo.asm
                    DVAR1   0x000303       data     static E:\Storage\1-EOICT\Microcontrollers\Lab 07\templateDwengo.asm
                    DVAR2   0x000304       data     static E:\Storage\1-EOICT\Microcontrollers\Lab 07\templateDwengo.asm
                    DVAR3   0x000305       data     static E:\Storage\1-EOICT\Microcontrollers\Lab 07\templateDwengo.asm
               honderdtal   0x000306       data     static E:\Storage\1-EOICT\Microcontrollers\Lab 07\templateDwengo.asm
                  tiental   0x000307       data     static E:\Storage\1-EOICT\Microcontrollers\Lab 07\templateDwengo.asm
                  eenheid   0x000308       data     static E:\Storage\1-EOICT\Microcontrollers\Lab 07\templateDwengo.asm
                  deeltal   0x000309       data     static E:\Storage\1-EOICT\Microcontrollers\Lab 07\templateDwengo.asm
                 quotient   0x00030a       data     static E:\Storage\1-EOICT\Microcontrollers\Lab 07\templateDwengo.asm
                voorbeeld   0x00030b       data     static E:\Storage\1-EOICT\Microcontrollers\Lab 07\templateDwengo.asm
                   teller   0x00030c       data     static E:\Storage\1-EOICT\Microcontrollers\Lab 07\templateDwengo.asm


