MPLINK 4.48, Linker
Linker Map File - Created Mon May 11 11:14:28 2015

                                 Section Info
                  Section       Type    Address   Location Size(Bytes)
                ---------  ---------  ---------  ---------  ---------
                   .org_0       code   0x000000    program   0x000004
                   .org_1       code   0x000008    program   0x000004
                   .org_2       code   0x000018    program   0x000004
             RESET_VECTOR       code   0x002000    program   0x000006
            HI_INT_VECTOR       code   0x002008    program   0x000004
           LOW_INT_VECTOR       code   0x002018    program   0x000004
                   .cinit    romdata   0x00202a    program   0x000002
                    .code       code   0x00202c    program   0x0000d6
               .udata_acs      udata   0x000000       data   0x000001
                   .stack      udata   0x000200       data   0x000100
                   .udata      udata   0x000300       data   0x00000e



                              Program Memory Usage 
                               Start         End      
                           ---------   ---------      
                            0x000000    0x000003      
                            0x000008    0x00000b      
                            0x000018    0x00001b      
                            0x002000    0x002005      
                            0x002008    0x00200b      
                            0x002018    0x00201b      
                            0x00202a    0x002101      
            242 out of 33048 program addresses used, program memory utilization is 0%



                              Symbols - Sorted by Name
                     Name    Address   Location    Storage File                     
                ---------  ---------  ---------  --------- ---------                
                    Delay   0x0020ae    program     static H:\1-EOICT\Microcontrollers\Lab 11\subroutine.asm
                   Delay1   0x00209c    program     static H:\1-EOICT\Microcontrollers\Lab 11\subroutine.asm
                   Delay2   0x0020a0    program     static H:\1-EOICT\Microcontrollers\Lab 11\subroutine.asm
               DelayExtra   0x0020b2    program     static H:\1-EOICT\Microcontrollers\Lab 11\subroutine.asm
               DelayInner   0x0020ba    program     static H:\1-EOICT\Microcontrollers\Lab 11\subroutine.asm
                 DelayLCD   0x002098    program     static H:\1-EOICT\Microcontrollers\Lab 11\subroutine.asm
               DelayOuter   0x0020b6    program     static H:\1-EOICT\Microcontrollers\Lab 11\subroutine.asm
                    Epuls   0x00208a    program     static H:\1-EOICT\Microcontrollers\Lab 11\subroutine.asm
                  HighInt   0x00202c    program     static H:\1-EOICT\Microcontrollers\Lab 11\templateDwengo.asm
             HighIntEinde   0x002030    program     static H:\1-EOICT\Microcontrollers\Lab 11\templateDwengo.asm
                   LowInt   0x002034    program     static H:\1-EOICT\Microcontrollers\Lab 11\templateDwengo.asm
                     Main   0x00204e    program     static H:\1-EOICT\Microcontrollers\Lab 11\templateDwengo.asm
                  deling1   0x0020d4    program     static H:\1-EOICT\Microcontrollers\Lab 11\subroutine.asm
                  deling2   0x0020ea    program     static H:\1-EOICT\Microcontrollers\Lab 11\subroutine.asm
                      lus   0x00206a    program     static H:\1-EOICT\Microcontrollers\Lab 11\templateDwengo.asm
                     lus2   0x002078    program     static H:\1-EOICT\Microcontrollers\Lab 11\templateDwengo.asm
               lusdeling1   0x0020d6    program     static H:\1-EOICT\Microcontrollers\Lab 11\subroutine.asm
               lusdeling2   0x0020ec    program     static H:\1-EOICT\Microcontrollers\Lab 11\subroutine.asm
        omzettingDecimaal   0x0020ce    program     static H:\1-EOICT\Microcontrollers\Lab 11\subroutine.asm
                 BSR_TEMP   0x000302       data     static H:\1-EOICT\Microcontrollers\Lab 11\templateDwengo.asm
                    DVAR1   0x000303       data     static H:\1-EOICT\Microcontrollers\Lab 11\templateDwengo.asm
                    DVAR2   0x000304       data     static H:\1-EOICT\Microcontrollers\Lab 11\templateDwengo.asm
                    DVAR3   0x000305       data     static H:\1-EOICT\Microcontrollers\Lab 11\templateDwengo.asm
                  EXAMPLE   0x000000       data     static H:\1-EOICT\Microcontrollers\Lab 11\templateDwengo.asm
              STATUS_TEMP   0x000301       data     static H:\1-EOICT\Microcontrollers\Lab 11\templateDwengo.asm
                WREG_TEMP   0x000300       data     static H:\1-EOICT\Microcontrollers\Lab 11\templateDwengo.asm
                  deeltal   0x000309       data     static H:\1-EOICT\Microcontrollers\Lab 11\templateDwengo.asm
                  eenheid   0x000308       data     static H:\1-EOICT\Microcontrollers\Lab 11\templateDwengo.asm
               honderdtal   0x000306       data     static H:\1-EOICT\Microcontrollers\Lab 11\templateDwengo.asm
                 quotient   0x00030a       data     static H:\1-EOICT\Microcontrollers\Lab 11\templateDwengo.asm
                  teller1   0x00030c       data     static H:\1-EOICT\Microcontrollers\Lab 11\templateDwengo.asm
                  teller2   0x00030d       data     static H:\1-EOICT\Microcontrollers\Lab 11\templateDwengo.asm
                  tiental   0x000307       data     static H:\1-EOICT\Microcontrollers\Lab 11\templateDwengo.asm
                voorbeeld   0x00030b       data     static H:\1-EOICT\Microcontrollers\Lab 11\templateDwengo.asm



                              Symbols - Sorted by Address
                     Name    Address   Location    Storage File                     
                ---------  ---------  ---------  --------- ---------                
                  HighInt   0x00202c    program     static H:\1-EOICT\Microcontrollers\Lab 11\templateDwengo.asm
             HighIntEinde   0x002030    program     static H:\1-EOICT\Microcontrollers\Lab 11\templateDwengo.asm
                   LowInt   0x002034    program     static H:\1-EOICT\Microcontrollers\Lab 11\templateDwengo.asm
                     Main   0x00204e    program     static H:\1-EOICT\Microcontrollers\Lab 11\templateDwengo.asm
                      lus   0x00206a    program     static H:\1-EOICT\Microcontrollers\Lab 11\templateDwengo.asm
                     lus2   0x002078    program     static H:\1-EOICT\Microcontrollers\Lab 11\templateDwengo.asm
                    Epuls   0x00208a    program     static H:\1-EOICT\Microcontrollers\Lab 11\subroutine.asm
                 DelayLCD   0x002098    program     static H:\1-EOICT\Microcontrollers\Lab 11\subroutine.asm
                   Delay1   0x00209c    program     static H:\1-EOICT\Microcontrollers\Lab 11\subroutine.asm
                   Delay2   0x0020a0    program     static H:\1-EOICT\Microcontrollers\Lab 11\subroutine.asm
                    Delay   0x0020ae    program     static H:\1-EOICT\Microcontrollers\Lab 11\subroutine.asm
               DelayExtra   0x0020b2    program     static H:\1-EOICT\Microcontrollers\Lab 11\subroutine.asm
               DelayOuter   0x0020b6    program     static H:\1-EOICT\Microcontrollers\Lab 11\subroutine.asm
               DelayInner   0x0020ba    program     static H:\1-EOICT\Microcontrollers\Lab 11\subroutine.asm
        omzettingDecimaal   0x0020ce    program     static H:\1-EOICT\Microcontrollers\Lab 11\subroutine.asm
                  deling1   0x0020d4    program     static H:\1-EOICT\Microcontrollers\Lab 11\subroutine.asm
               lusdeling1   0x0020d6    program     static H:\1-EOICT\Microcontrollers\Lab 11\subroutine.asm
                  deling2   0x0020ea    program     static H:\1-EOICT\Microcontrollers\Lab 11\subroutine.asm
               lusdeling2   0x0020ec    program     static H:\1-EOICT\Microcontrollers\Lab 11\subroutine.asm
                  EXAMPLE   0x000000       data     static H:\1-EOICT\Microcontrollers\Lab 11\templateDwengo.asm
                WREG_TEMP   0x000300       data     static H:\1-EOICT\Microcontrollers\Lab 11\templateDwengo.asm
              STATUS_TEMP   0x000301       data     static H:\1-EOICT\Microcontrollers\Lab 11\templateDwengo.asm
                 BSR_TEMP   0x000302       data     static H:\1-EOICT\Microcontrollers\Lab 11\templateDwengo.asm
                    DVAR1   0x000303       data     static H:\1-EOICT\Microcontrollers\Lab 11\templateDwengo.asm
                    DVAR2   0x000304       data     static H:\1-EOICT\Microcontrollers\Lab 11\templateDwengo.asm
                    DVAR3   0x000305       data     static H:\1-EOICT\Microcontrollers\Lab 11\templateDwengo.asm
               honderdtal   0x000306       data     static H:\1-EOICT\Microcontrollers\Lab 11\templateDwengo.asm
                  tiental   0x000307       data     static H:\1-EOICT\Microcontrollers\Lab 11\templateDwengo.asm
                  eenheid   0x000308       data     static H:\1-EOICT\Microcontrollers\Lab 11\templateDwengo.asm
                  deeltal   0x000309       data     static H:\1-EOICT\Microcontrollers\Lab 11\templateDwengo.asm
                 quotient   0x00030a       data     static H:\1-EOICT\Microcontrollers\Lab 11\templateDwengo.asm
                voorbeeld   0x00030b       data     static H:\1-EOICT\Microcontrollers\Lab 11\templateDwengo.asm
                  teller1   0x00030c       data     static H:\1-EOICT\Microcontrollers\Lab 11\templateDwengo.asm
                  teller2   0x00030d       data     static H:\1-EOICT\Microcontrollers\Lab 11\templateDwengo.asm


